1. USA
2. Japan
1. USA
2. Japan
1. USA
2. Japan
3. Republic of Congo
1. USA
1. Usa
3. Japan
3. UsA
5. Republic of Congo
1. Republic of Congo
2. USA
3. Japan
3. UsA
5. Usa
1. Republic of Congo
2. Japan
2. USA
2. UsA
5. Usa
1. Republic of Congo
2. Japan
2. USA
2. UsA
5. Usa
