1. Japan
2. Russia
3. United Kingdom
1. America
1. Republic    of Kongo
1. United kingdom
4. Japan
5. France
5. Russia
7. United Kingdom
1. France
1. Japan
1. United  Kingdom
4. America
4. Republic    of Kongo
4. Russia
4. United   Kingdom
4. United kingdom
9. United Kingdom
1. France
1. United  Kingdom
3. Japan
4. Republic    of Kongo
4. United kingdom
6. Russia
6. United   Kingdom
8. America
9. United Kingdom
1. France
1. United  Kingdom
3. Republic    of Kongo
3. United kingdom
5. America
6. Japan
7. Russia
7. United   Kingdom
9. United Kingdom
1. France
1. Japan
1. United  Kingdom
4. America
4. Republic    of Kongo
4. Russia
4. United   Kingdom
4. United kingdom
9. United Kingdom
